// Jest Snapshot v1, https://goo.gl/fbAQLP

exports[`Person Credential Screen screen renders correctly 1`] = `
<RNCSafeAreaView
  edges={
    [
      "bottom",
      "left",
      "right",
    ]
  }
  style={
    {
      "flex": 1,
    }
  }
>
  <RCTScrollView
    style={
      {
        "flex": 1,
        "flexGrow": 1,
      }
    }
  >
    <View>
      <View
        style={
          {
            "alignItems": "center",
            "display": "flex",
            "marginVertical": 20,
          }
        }
      >
        < />
      </View>
      <View
        style={
          {
            "backgroundColor": "#313132",
            "flexGrow": 1,
            "marginTop": 10,
            "paddingHorizontal": 25,
            "paddingVertical": 24,
          }
        }
      >
        <View
          style={
            {
              "alignItems": "center",
              "display": "flex",
              "flexDirection": "row",
              "paddingBottom": 10,
            }
          }
        >
          <Text
            accessibilityRole="header"
            style={
              [
                {
                  "color": "#FFFFFF",
                  "fontSize": 26,
                  "fontWeight": "bold",
                },
                {
                  "color": "#FFFFFF",
                  "flexShrink": 1,
                },
              ]
            }
          >
            PersonCredential.InstallServicesCard
          </Text>
        </View>
        <View
          style={
            {
              "marginTop": 10,
            }
          }
        >
          <View
            accessibilityLabel="PersonCredential.InstallApp"
            accessibilityRole="button"
            accessibilityState={
              {
                "busy": undefined,
                "checked": undefined,
                "disabled": false,
                "expanded": undefined,
                "selected": undefined,
              }
            }
            accessibilityValue={
              {
                "max": undefined,
                "min": undefined,
                "now": undefined,
                "text": undefined,
              }
            }
            accessible={true}
            collapsable={false}
            focusable={true}
            onClick={[Function]}
            onResponderGrant={[Function]}
            onResponderMove={[Function]}
            onResponderRelease={[Function]}
            onResponderTerminate={[Function]}
            onResponderTerminationRequest={[Function]}
            onStartShouldSetResponder={[Function]}
            style={
              {
                "backgroundColor": "#42803E",
                "borderRadius": 4,
                "opacity": 1,
                "padding": 16,
              }
            }
            testID="com.ariesbifold:id/InstallApp"
          >
            <View
              style={
                {
                  "alignItems": "center",
                  "flexDirection": "row",
                  "justifyContent": "center",
                }
              }
            >
              <Text
                style={
                  [
                    {
                      "color": "#FFFFFF",
                      "fontSize": 18,
                      "fontWeight": "bold",
                      "textAlign": "center",
                    },
                    false,
                    false,
                    false,
                  ]
                }
              >
                PersonCredential.InstallApp
              </Text>
            </View>
          </View>
          <View
            accessibilityLabel="PersonCredential.AppOnOtherDevice"
            accessibilityState={
              {
                "busy": undefined,
                "checked": undefined,
                "disabled": undefined,
                "expanded": undefined,
                "selected": undefined,
              }
            }
            accessibilityValue={
              {
                "max": undefined,
                "min": undefined,
                "now": undefined,
                "text": undefined,
              }
            }
            accessible={true}
            collapsable={false}
            focusable={true}
            onClick={[Function]}
            onResponderGrant={[Function]}
            onResponderMove={[Function]}
            onResponderRelease={[Function]}
            onResponderTerminate={[Function]}
            onResponderTerminationRequest={[Function]}
            onStartShouldSetResponder={[Function]}
            style={
              {
                "alignItems": "center",
                "display": "flex",
                "marginTop": 10,
                "opacity": 1,
              }
            }
            testID="com.ariesbifold:id/AppOnOtherDevice"
          >
            <Text
              style={
                {
                  "color": "#42803E",
                  "fontSize": 18,
                  "fontWeight": "bold",
                }
              }
            >
              PersonCredential.AppOnOtherDevice
            </Text>
          </View>
        </View>
      </View>
      <View
        style={
          {
            "backgroundColor": "#313132",
            "flexGrow": 1,
            "marginTop": 10,
            "paddingHorizontal": 25,
            "paddingVertical": 24,
          }
        }
      >
        <View
          style={
            {
              "alignItems": "center",
              "display": "flex",
              "flexDirection": "row",
              "paddingBottom": 10,
            }
          }
        >
          <Text
            accessibilityRole="header"
            style={
              [
                {
                  "color": "#FFFFFF",
                  "fontSize": 26,
                  "fontWeight": "bold",
                },
                {
                  "color": "rgba(53, 130, 63, 0.35)",
                  "flexShrink": 1,
                },
              ]
            }
          >
            PersonCredential.CreatePersonCred
          </Text>
        </View>
      </View>
    </View>
  </RCTScrollView>
</RNCSafeAreaView>
`;
