// Jest Snapshot v1, https://goo.gl/fbAQLP

exports[`TileButton Component renders correctly 1`] = `
<View
  accessibilityLabel="Card"
  accessibilityState={
    {
      "busy": undefined,
      "checked": undefined,
      "disabled": undefined,
      "expanded": undefined,
      "selected": undefined,
    }
  }
  accessibilityValue={
    {
      "max": undefined,
      "min": undefined,
      "now": undefined,
      "text": undefined,
    }
  }
  accessible={true}
  collapsable={false}
  focusable={true}
  onBlur={[Function]}
  onClick={[Function]}
  onFocus={[Function]}
  onResponderGrant={[Function]}
  onResponderMove={[Function]}
  onResponderRelease={[Function]}
  onResponderTerminate={[Function]}
  onResponderTerminationRequest={[Function]}
  onStartShouldSetResponder={[Function]}
  testID="com.ariesbifold:id/TileButton"
>
  <View
    style={
      {
        "backgroundColor": "#313132",
        "borderRadius": 4,
        "elevation": 2,
        "padding": 24,
        "shadowColor": "#D3D3D3",
        "shadowOffset": {
          "height": 4,
          "width": 0,
        },
        "shadowOpacity": 0.9,
        "shadowRadius": 4,
      }
    }
  >
    <Text
      style={
        {
          "color": "#42803E",
          "fontSize": 18,
          "fontWeight": "bold",
        }
      }
    >
      Action text
      <Text
        allowFontScaling={false}
        selectable={false}
        style={
          [
            {
              "color": "#42803E",
              "fontSize": 20,
            },
            undefined,
            {
              "fontFamily": "Material Design Icons",
              "fontStyle": "normal",
              "fontWeight": "normal",
            },
            {},
          ]
        }
      >
        ó±¦°
      </Text>
    </Text>
    <Text
      style={
        {
          "color": "#FFFFFF",
          "fontSize": 18,
          "fontWeight": "normal",
          "marginTop": 16,
        }
      }
    >
      Lorem ipsum dolor sit amet consectetur adipisicing elit. Quasi et consectetur iusto error aliquam
    </Text>
  </View>
</View>
`;
