// Jest Snapshot v1, https://goo.gl/fbAQLP

exports[`AddCredentialButton Component renders correctly 1`] = `
<View
  accessibilityLabel="Credentials.AddCredential"
  accessibilityRole="button"
  accessibilityState={
    {
      "busy": undefined,
      "checked": undefined,
      "disabled": undefined,
      "expanded": undefined,
      "selected": undefined,
    }
  }
  accessibilityValue={
    {
      "max": undefined,
      "min": undefined,
      "now": undefined,
      "text": undefined,
    }
  }
  accessible={true}
  collapsable={false}
  focusable={true}
  hitSlop={
    {
      "bottom": 44,
      "left": 44,
      "right": 44,
      "top": 44,
    }
  }
  onClick={[Function]}
  onResponderGrant={[Function]}
  onResponderMove={[Function]}
  onResponderRelease={[Function]}
  onResponderTerminate={[Function]}
  onResponderTerminationRequest={[Function]}
  onStartShouldSetResponder={[Function]}
  style={
    {
      "opacity": 1,
    }
  }
  testID="com.ariesbifold:id/AddCredential"
>
  <View
    style={
      {
        "alignItems": "center",
        "flexDirection": "row",
        "marginLeft": 0,
        "marginRight": 15,
        "minHeight": 26,
        "minWidth": 26,
      }
    }
  >
    <Text
      allowFontScaling={false}
      selectable={false}
      style={
        [
          {
            "color": "#FFFFFF",
            "fontSize": 26,
          },
          undefined,
          {
            "fontFamily": "Material Design Icons",
            "fontStyle": "normal",
            "fontWeight": "normal",
          },
          {},
        ]
      }
    >
      Û∞êô
    </Text>
  </View>
</View>
`;
