// Jest Snapshot v1, https://goo.gl/fbAQLP

exports[`FauxHeader Component renders correctly 1`] = `
<View
  style={
    {
      "alignItems": "stretch",
      "backgroundColor": "#42803E",
      "borderBottomWidth": 0,
      "elevation": 0,
      "flex": 1,
      "flexDirection": "row",
      "minHeight": 44,
      "shadowColor": "#000000",
      "shadowOffset": {
        "height": 6,
        "width": 0,
      },
      "shadowOpacity": 0.15,
      "shadowRadius": 6,
    }
  }
>
  <View
    style={
      {
        "alignItems": "flex-start",
        "justifyContent": "center",
      }
    }
  >
    <View
      accessibilityLabel="Global.Back"
      accessibilityRole="button"
      accessibilityState={
        {
          "busy": undefined,
          "checked": undefined,
          "disabled": undefined,
          "expanded": undefined,
          "selected": undefined,
        }
      }
      accessibilityValue={
        {
          "max": undefined,
          "min": undefined,
          "now": undefined,
          "text": undefined,
        }
      }
      accessible={true}
      collapsable={false}
      focusable={true}
      hitSlop={
        {
          "bottom": 44,
          "left": 44,
          "right": 44,
          "top": 44,
        }
      }
      onBlur={[Function]}
      onClick={[Function]}
      onFocus={[Function]}
      onResponderGrant={[Function]}
      onResponderMove={[Function]}
      onResponderRelease={[Function]}
      onResponderTerminate={[Function]}
      onResponderTerminationRequest={[Function]}
      onStartShouldSetResponder={[Function]}
      testID="com.ariesbifold:id/BackButton"
    >
      <View
        style={
          {
            "alignItems": "center",
            "flexDirection": "row",
            "marginLeft": 15,
            "marginRight": 0,
            "minHeight": 26,
            "minWidth": 26,
          }
        }
      >
        <Text
          allowFontScaling={false}
          selectable={false}
          style={
            [
              {
                "color": "#FFFFFF",
                "fontSize": 26,
              },
              undefined,
              {
                "fontFamily": "Material Design Icons",
                "fontStyle": "normal",
                "fontWeight": "normal",
              },
              {},
            ]
          }
        >
          Û∞ÖÅ
        </Text>
      </View>
    </View>
  </View>
  <View
    style={
      {
        "alignItems": "center",
        "flexShrink": 1,
        "justifyContent": "center",
        "marginHorizontal": 16,
        "maxWidth": "68%",
        "width": "100%",
      }
    }
  >
    <Text
      ellipsizeMode="tail"
      numberOfLines={1}
      style={
        {
          "color": "#FFFFFF",
          "fontSize": 28,
          "fontWeight": "bold",
          "textAlign": "center",
        }
      }
    >
      test
    </Text>
  </View>
  <View
    style={
      {
        "alignItems": "flex-end",
        "justifyContent": "center",
      }
    }
  />
</View>
`;
