// Jest Snapshot v1, https://goo.gl/fbAQLP

exports[`HomeHeaderView Component renders correctly 1`] = `null`;
