// Jest Snapshot v1, https://goo.gl/fbAQLP

exports[`LoadingIcon Component renders correctly 1`] = `
<View
  collapsable={false}
  nativeID="animatedComponent"
  style={
    Object {
      "transform": Array [
        Object {
          "rotate": "0deg",
        },
      ],
    }
  }
>
  <Text
    allowFontScaling={false}
    style={
      Array [
        Object {
          "color": undefined,
          "fontSize": 50,
        },
        Object {
          "color": "#333",
        },
        Object {
          "fontFamily": "Material Icons",
          "fontStyle": "normal",
          "fontWeight": "normal",
        },
        Object {},
      ]
    }
  >
    î—•
  </Text>
</View>
`;
