// Jest Snapshot v1, https://goo.gl/fbAQLP

exports[`PairingCodeTextInput Component Rendering renders correctly 1`] = `
<View
  style={
    {
      "marginVertical": 8,
      "width": "100%",
    }
  }
>
  <TextInput
    autoCapitalize="characters"
    autoComplete="off"
    autoCorrect={false}
    maxFontSizeMultiplier={2}
    maxLength={7}
    onBlur={[Function]}
    onChangeText={[Function]}
    onFocus={[Function]}
    selectionColor="#313132"
    style={
      [
        {
          "backgroundColor": "#D3D3D3",
          "borderColor": "#D3D3D3",
          "borderRadius": 4,
          "borderWidth": 1,
          "color": "#313132",
          "fontFamily": "BCSans-Regular",
          "fontSize": 16,
          "padding": 10,
        },
        false,
        {
          "textAlign": "center",
        },
      ]
    }
    testID="pairing-code-input"
    value=""
  />
</View>
`;
