// Jest Snapshot v1, https://goo.gl/fbAQLP

exports[`BirthdateContent Component renders correctly 1`] = `
<RNCSafeAreaView
  edges={
    [
      "bottom",
      "left",
      "right",
    ]
  }
  style={
    {
      "backgroundColor": "#313132",
      "height": "100%",
      "justifyContent": "space-between",
    }
  }
>
  <RCTScrollView
    contentContainerStyle={
      {
        "flex": 1,
        "padding": 24,
      }
    }
  >
    <View>
      <Text
        style={
          {
            "color": "#FFFFFF",
            "fontSize": 18,
            "fontWeight": "normal",
            "marginBottom": 8,
          }
        }
      >
        Unified.Birthdate.CardSerialNumber
      </Text>
      <View
        style={
          {
            "backgroundColor": "#F2F2F2",
            "height": 8,
            "marginBottom": 16,
            "width": "100%",
          }
        }
      />
      <Text
        style={
          {
            "color": "#FFFFFF",
            "fontSize": 26,
            "fontWeight": "bold",
            "marginBottom": 16,
          }
        }
      >
        Unified.Birthdate.Heading
      </Text>
      <Text
        style={
          {
            "color": "#FFFFFF",
            "fontSize": 18,
            "fontWeight": "normal",
            "marginBottom": 8,
          }
        }
      >
        Unified.Birthdate.Paragraph
      </Text>
      <RNDatePicker
        cancelText="Cancel"
        confirmText="Confirm"
        date={1729383120000}
        dividerColor="#000000"
        maximumDate={1729383120000}
        minuteInterval={1}
        mode="date"
        onChange={[Function]}
        onDateChange={[Function]}
        onResponderTerminationRequest={[Function]}
        onStartShouldSetResponder={[Function]}
        style={
          [
            {
              "height": 216,
              "width": 310,
            },
            undefined,
          ]
        }
        textColor="#000000"
        theme="light"
        timeZoneOffsetInMinutes=""
        title="Select date"
      />
    </View>
  </RCTScrollView>
  <View
    style={
      {
        "marginBottom": 20,
        "marginHorizontal": 20,
        "marginTop": "auto",
        "position": "relative",
      }
    }
  >
    <View
      accessibilityLabel="Global.Done"
      accessibilityRole="button"
      accessibilityState={
        {
          "busy": undefined,
          "checked": undefined,
          "disabled": false,
          "expanded": undefined,
          "selected": undefined,
        }
      }
      accessibilityValue={
        {
          "max": undefined,
          "min": undefined,
          "now": undefined,
          "text": undefined,
        }
      }
      accessible={true}
      collapsable={false}
      focusable={true}
      onClick={[Function]}
      onResponderGrant={[Function]}
      onResponderMove={[Function]}
      onResponderRelease={[Function]}
      onResponderTerminate={[Function]}
      onResponderTerminationRequest={[Function]}
      onStartShouldSetResponder={[Function]}
      style={
        {
          "backgroundColor": "#42803E",
          "borderRadius": 4,
          "opacity": 1,
          "padding": 16,
        }
      }
      testID="com.ariesbifold:id/Done"
    >
      <View
        style={
          {
            "alignItems": "center",
            "flexDirection": "row",
            "justifyContent": "center",
          }
        }
      >
        <Text
          style={
            [
              {
                "color": "#FFFFFF",
                "fontSize": 18,
                "fontWeight": "bold",
                "textAlign": "center",
              },
              false,
              false,
              false,
            ]
          }
        >
          Global.Done
        </Text>
      </View>
    </View>
  </View>
</RNCSafeAreaView>
`;
