// Jest Snapshot v1, https://goo.gl/fbAQLP

exports[`ChooseContent Component renders correctly 1`] = `
<RNCSafeAreaView
  edges={
    [
      "bottom",
      "left",
      "right",
    ]
  }
  style={
    {
      "flex": 1,
    }
  }
>
  <RCTScrollView
    style={
      {
        "backgroundColor": "#313132",
        "flex": 1,
        "paddingHorizontal": 24,
      }
    }
  >
    <View>
      <Text
        style={
          {
            "color": "#FFFFFF",
            "fontSize": 26,
            "fontWeight": "bold",
            "marginBottom": 16,
            "marginTop": 24,
          }
        }
      >
        Unified.ChooseYourID.WhatCardDoYou
      </Text>
      <Text
        style={
          {
            "color": "#FFFFFF",
            "fontSize": 18,
            "fontWeight": "normal",
            "marginBottom": 16,
          }
        }
      >
        Unified.ChooseYourID.SomePeopleStillCallIt
      </Text>
      <View
        accessibilityLabel="Unified.ChooseYourID.CombinedCard"
        accessibilityState={
          {
            "busy": undefined,
            "checked": undefined,
            "disabled": undefined,
            "expanded": undefined,
            "selected": undefined,
          }
        }
        accessibilityValue={
          {
            "max": undefined,
            "min": undefined,
            "now": undefined,
            "text": undefined,
          }
        }
        accessible={true}
        collapsable={false}
        focusable={true}
        onBlur={[Function]}
        onClick={[Function]}
        onFocus={[Function]}
        onResponderGrant={[Function]}
        onResponderMove={[Function]}
        onResponderRelease={[Function]}
        onResponderTerminate={[Function]}
        onResponderTerminationRequest={[Function]}
        onStartShouldSetResponder={[Function]}
        style={
          {
            "marginBottom": 16,
          }
        }
        testID="com.ariesbifold:id/CombinedCard"
      >
        <View
          style={
            {
              "backgroundColor": "#313132",
              "borderRadius": 4,
              "elevation": 2,
              "padding": 24,
              "shadowColor": "#D3D3D3",
              "shadowOffset": {
                "height": 4,
                "width": 0,
              },
              "shadowOpacity": 0.9,
              "shadowRadius": 4,
            }
          }
        >
          <Text
            style={
              {
                "color": "#42803E",
                "fontSize": 18,
                "fontWeight": "bold",
              }
            }
          >
            Unified.ChooseYourID.CombinedCardActionText
            <Text
              allowFontScaling={false}
              selectable={false}
              style={
                [
                  {
                    "color": "#42803E",
                    "fontSize": 20,
                  },
                  undefined,
                  {
                    "fontFamily": "Material Design Icons",
                    "fontStyle": "normal",
                    "fontWeight": "normal",
                  },
                  {},
                ]
              }
            >
              󱦰
            </Text>
          </Text>
          <Text
            style={
              {
                "color": "#FFFFFF",
                "fontSize": 18,
                "fontWeight": "normal",
                "marginTop": 16,
              }
            }
          >
            Unified.ChooseYourID.CombinedCardDescription
          </Text>
          <Image
            resizeMode="contain"
            source={
              {
                "default": "",
              }
            }
            style={
              {
                "flex": 1,
                "height": 100,
                "marginTop": 16,
                "width": 150,
              }
            }
          />
        </View>
      </View>
      <View
        accessibilityLabel="Unified.ChooseYourID.PhotoCard"
        accessibilityState={
          {
            "busy": undefined,
            "checked": undefined,
            "disabled": undefined,
            "expanded": undefined,
            "selected": undefined,
          }
        }
        accessibilityValue={
          {
            "max": undefined,
            "min": undefined,
            "now": undefined,
            "text": undefined,
          }
        }
        accessible={true}
        collapsable={false}
        focusable={true}
        onBlur={[Function]}
        onClick={[Function]}
        onFocus={[Function]}
        onResponderGrant={[Function]}
        onResponderMove={[Function]}
        onResponderRelease={[Function]}
        onResponderTerminate={[Function]}
        onResponderTerminationRequest={[Function]}
        onStartShouldSetResponder={[Function]}
        style={
          {
            "marginBottom": 16,
          }
        }
        testID="com.ariesbifold:id/PhotoCard"
      >
        <View
          style={
            {
              "backgroundColor": "#313132",
              "borderRadius": 4,
              "elevation": 2,
              "padding": 24,
              "shadowColor": "#D3D3D3",
              "shadowOffset": {
                "height": 4,
                "width": 0,
              },
              "shadowOpacity": 0.9,
              "shadowRadius": 4,
            }
          }
        >
          <Text
            style={
              {
                "color": "#42803E",
                "fontSize": 18,
                "fontWeight": "bold",
              }
            }
          >
            Unified.ChooseYourID.PhotoCardActionText
            <Text
              allowFontScaling={false}
              selectable={false}
              style={
                [
                  {
                    "color": "#42803E",
                    "fontSize": 20,
                  },
                  undefined,
                  {
                    "fontFamily": "Material Design Icons",
                    "fontStyle": "normal",
                    "fontWeight": "normal",
                  },
                  {},
                ]
              }
            >
              󱦰
            </Text>
          </Text>
          <Text
            style={
              {
                "color": "#FFFFFF",
                "fontSize": 18,
                "fontWeight": "normal",
                "marginTop": 16,
              }
            }
          >
            Unified.ChooseYourID.PhotoCardDescription
          </Text>
          <Image
            resizeMode="contain"
            source={
              {
                "default": "",
              }
            }
            style={
              {
                "flex": 1,
                "height": 100,
                "marginTop": 16,
                "width": 150,
              }
            }
          />
        </View>
      </View>
      <View
        accessibilityLabel="Unified.ChooseYourID.NoPhotoCard"
        accessibilityState={
          {
            "busy": undefined,
            "checked": undefined,
            "disabled": undefined,
            "expanded": undefined,
            "selected": undefined,
          }
        }
        accessibilityValue={
          {
            "max": undefined,
            "min": undefined,
            "now": undefined,
            "text": undefined,
          }
        }
        accessible={true}
        collapsable={false}
        focusable={true}
        onBlur={[Function]}
        onClick={[Function]}
        onFocus={[Function]}
        onResponderGrant={[Function]}
        onResponderMove={[Function]}
        onResponderRelease={[Function]}
        onResponderTerminate={[Function]}
        onResponderTerminationRequest={[Function]}
        onStartShouldSetResponder={[Function]}
        style={
          {
            "marginBottom": 16,
          }
        }
        testID="com.ariesbifold:id/NoPhotoCard"
      >
        <View
          style={
            {
              "backgroundColor": "#313132",
              "borderRadius": 4,
              "elevation": 2,
              "padding": 24,
              "shadowColor": "#D3D3D3",
              "shadowOffset": {
                "height": 4,
                "width": 0,
              },
              "shadowOpacity": 0.9,
              "shadowRadius": 4,
            }
          }
        >
          <Text
            style={
              {
                "color": "#42803E",
                "fontSize": 18,
                "fontWeight": "bold",
              }
            }
          >
            Unified.ChooseYourID.NoPhotoCardActionText
            <Text
              allowFontScaling={false}
              selectable={false}
              style={
                [
                  {
                    "color": "#42803E",
                    "fontSize": 20,
                  },
                  undefined,
                  {
                    "fontFamily": "Material Design Icons",
                    "fontStyle": "normal",
                    "fontWeight": "normal",
                  },
                  {},
                ]
              }
            >
              󱦰
            </Text>
          </Text>
          <Text
            style={
              {
                "color": "#FFFFFF",
                "fontSize": 18,
                "fontWeight": "normal",
                "marginTop": 16,
              }
            }
          >
            Unified.ChooseYourID.NoPhotoCardDescription
          </Text>
          <Image
            resizeMode="contain"
            source={
              {
                "default": "",
              }
            }
            style={
              {
                "flex": 1,
                "height": 100,
                "marginTop": 16,
                "width": 150,
              }
            }
          />
        </View>
      </View>
      <View
        style={
          {
            "flex": 1,
            "height": 8,
            "marginTop": 8,
            "position": "relative",
          }
        }
      >
        <View
          style={
            {
              "backgroundColor": "#F2F2F2",
              "height": 8,
              "left": -24,
              "position": "absolute",
              "width": 750,
            }
          }
        />
      </View>
      <Text
        style={
          {
            "color": "#FFFFFF",
            "fontSize": 26,
            "fontWeight": "bold",
            "marginBottom": 16,
            "marginTop": 24,
          }
        }
      >
        Unified.ChooseYourID.DontHaveOne
      </Text>
      <Text
        style={
          {
            "color": "#FFFFFF",
            "fontSize": 18,
            "fontWeight": "normal",
            "marginBottom": 16,
          }
        }
      >
        Unified.ChooseYourID.CheckBefore
      </Text>
      <View
        accessibilityLabel="Unified.ChooseYourID.CheckForServicesCard"
        accessibilityState={
          {
            "busy": undefined,
            "checked": undefined,
            "disabled": undefined,
            "expanded": undefined,
            "selected": undefined,
          }
        }
        accessibilityValue={
          {
            "max": undefined,
            "min": undefined,
            "now": undefined,
            "text": undefined,
          }
        }
        accessible={true}
        collapsable={false}
        focusable={true}
        onBlur={[Function]}
        onClick={[Function]}
        onFocus={[Function]}
        onResponderGrant={[Function]}
        onResponderMove={[Function]}
        onResponderRelease={[Function]}
        onResponderTerminate={[Function]}
        onResponderTerminationRequest={[Function]}
        onStartShouldSetResponder={[Function]}
        style={
          {
            "flex": 1,
            "flexWrap": "wrap",
            "marginVertical": 16,
          }
        }
        testID="CheckForServicesCard"
      >
        <Text
          style={
            {
              "color": "#42803E",
              "fontSize": 18,
              "fontWeight": "bold",
            }
          }
        >
          Unified.ChooseYourID.CheckIfIHave 
          <Text
            allowFontScaling={false}
            selectable={false}
            style={
              [
                {
                  "color": "#42803E",
                  "fontSize": 20,
                },
                undefined,
                {
                  "fontFamily": "Material Design Icons",
                  "fontStyle": "normal",
                  "fontWeight": "normal",
                },
                {},
              ]
            }
          >
            󰘥
          </Text>
        </Text>
      </View>
      <View
        accessibilityLabel="Unified.ChooseYourID.OtherID"
        accessibilityState={
          {
            "busy": undefined,
            "checked": undefined,
            "disabled": undefined,
            "expanded": undefined,
            "selected": undefined,
          }
        }
        accessibilityValue={
          {
            "max": undefined,
            "min": undefined,
            "now": undefined,
            "text": undefined,
          }
        }
        accessible={true}
        collapsable={false}
        focusable={true}
        onBlur={[Function]}
        onClick={[Function]}
        onFocus={[Function]}
        onResponderGrant={[Function]}
        onResponderMove={[Function]}
        onResponderRelease={[Function]}
        onResponderTerminate={[Function]}
        onResponderTerminationRequest={[Function]}
        onStartShouldSetResponder={[Function]}
        style={
          {
            "marginBottom": 16,
          }
        }
        testID="com.ariesbifold:id/OtherID"
      >
        <View
          style={
            {
              "backgroundColor": "#313132",
              "borderRadius": 4,
              "elevation": 2,
              "padding": 24,
              "shadowColor": "#D3D3D3",
              "shadowOffset": {
                "height": 4,
                "width": 0,
              },
              "shadowOpacity": 0.9,
              "shadowRadius": 4,
            }
          }
        >
          <Text
            style={
              {
                "color": "#42803E",
                "fontSize": 18,
                "fontWeight": "bold",
              }
            }
          >
            Unified.ChooseYourID.OtherIDActionText
            <Text
              allowFontScaling={false}
              selectable={false}
              style={
                [
                  {
                    "color": "#42803E",
                    "fontSize": 20,
                  },
                  undefined,
                  {
                    "fontFamily": "Material Design Icons",
                    "fontStyle": "normal",
                    "fontWeight": "normal",
                  },
                  {},
                ]
              }
            >
              󱦰
            </Text>
          </Text>
          <Text
            style={
              {
                "color": "#FFFFFF",
                "fontSize": 18,
                "fontWeight": "normal",
                "marginTop": 16,
              }
            }
          >
            Unified.ChooseYourID.OtherIDDescription
          </Text>
        </View>
      </View>
    </View>
  </RCTScrollView>
</RNCSafeAreaView>
`;
