// Jest Snapshot v1, https://goo.gl/fbAQLP

exports[`InstructionsContent Component renders correctly 1`] = `
<RNCSafeAreaView
  edges={
    [
      "bottom",
      "left",
      "right",
    ]
  }
  style={
    {
      "backgroundColor": "#313132",
      "height": "100%",
      "justifyContent": "space-between",
    }
  }
>
  <RCTScrollView
    contentContainerStyle={
      {
        "flex": 1,
        "padding": 24,
      }
    }
  >
    <View>
      <Image
        resizeMode="contain"
        source={
          {
            "default": "",
          }
        }
        style={
          {
            "height": 470.34000000000003,
            "marginBottom": 24,
            "width": 702,
          }
        }
      />
      <Text
        style={
          {
            "color": "#FFFFFF",
            "fontSize": 26,
            "fontWeight": "bold",
            "marginBottom": 16,
          }
        }
      >
        Unified.Instructions.Heading
      </Text>
      <Text
        style={
          {
            "color": "#FFFFFF",
            "fontSize": 18,
            "fontWeight": "normal",
            "marginBottom": 8,
          }
        }
      >
        Unified.Instructions.Paragraph
      </Text>
    </View>
  </RCTScrollView>
  <View
    style={
      {
        "marginBottom": 20,
        "marginHorizontal": 20,
        "marginTop": "auto",
        "position": "relative",
      }
    }
  >
    <View
      accessibilityLabel="Unified.Instructions.ScanBarcode"
      accessibilityRole="button"
      accessibilityState={
        {
          "busy": undefined,
          "checked": undefined,
          "disabled": false,
          "expanded": undefined,
          "selected": undefined,
        }
      }
      accessibilityValue={
        {
          "max": undefined,
          "min": undefined,
          "now": undefined,
          "text": undefined,
        }
      }
      accessible={true}
      collapsable={false}
      focusable={true}
      onClick={[Function]}
      onResponderGrant={[Function]}
      onResponderMove={[Function]}
      onResponderRelease={[Function]}
      onResponderTerminate={[Function]}
      onResponderTerminationRequest={[Function]}
      onStartShouldSetResponder={[Function]}
      style={
        {
          "backgroundColor": "#42803E",
          "borderRadius": 4,
          "opacity": 1,
          "padding": 16,
        }
      }
      testID="com.ariesbifold:id/ScanBarcode"
    >
      <View
        style={
          {
            "alignItems": "center",
            "flexDirection": "row",
            "justifyContent": "center",
          }
        }
      >
        <Text
          style={
            [
              {
                "color": "#FFFFFF",
                "fontSize": 18,
                "fontWeight": "bold",
                "textAlign": "center",
              },
              false,
              false,
              false,
            ]
          }
        >
          Unified.Instructions.ScanBarcode
        </Text>
      </View>
    </View>
    <View
      style={
        {
          "marginTop": 16,
        }
      }
    >
      <View
        accessibilityLabel="Unified.Instructions.EnterManually"
        accessibilityRole="button"
        accessibilityState={
          {
            "busy": undefined,
            "checked": undefined,
            "disabled": false,
            "expanded": undefined,
            "selected": undefined,
          }
        }
        accessibilityValue={
          {
            "max": undefined,
            "min": undefined,
            "now": undefined,
            "text": undefined,
          }
        }
        accessible={true}
        collapsable={false}
        focusable={true}
        onClick={[Function]}
        onResponderGrant={[Function]}
        onResponderMove={[Function]}
        onResponderRelease={[Function]}
        onResponderTerminate={[Function]}
        onResponderTerminationRequest={[Function]}
        onStartShouldSetResponder={[Function]}
        style={
          {
            "borderColor": "#42803E",
            "borderRadius": 4,
            "borderWidth": 2,
            "opacity": 1,
            "padding": 16,
          }
        }
        testID="com.ariesbifold:id/EnterManually"
      >
        <View
          style={
            {
              "alignItems": "center",
              "flexDirection": "row",
              "justifyContent": "center",
            }
          }
        >
          <Text
            style={
              [
                {
                  "color": "#42803E",
                  "fontSize": 18,
                  "fontWeight": "bold",
                  "textAlign": "center",
                },
                false,
                false,
                false,
              ]
            }
          >
            Unified.Instructions.EnterManually
          </Text>
        </View>
      </View>
    </View>
  </View>
</RNCSafeAreaView>
`;
