// Jest Snapshot v1, https://goo.gl/fbAQLP

exports[`ScanContent Component renders correctly 1`] = `
<RNCSafeAreaView
  edges={
    [
      "bottom",
      "left",
      "right",
    ]
  }
  style={
    {
      "backgroundColor": "#313132",
      "height": "100%",
      "justifyContent": "space-between",
    }
  }
>
  <RCTScrollView
    contentContainerStyle={
      {
        "flex": 1,
        "padding": 24,
      }
    }
  >
    <View>
      <Text
        style={
          {
            "color": "#FFFFFF",
            "fontSize": 26,
            "fontWeight": "bold",
          }
        }
      >
        Coming soon!
      </Text>
    </View>
  </RCTScrollView>
</RNCSafeAreaView>
`;
